=== RUN   TestCreateMediaFromURL
    inputvideo_test.go:65: Successfully created media with ID: 339f7d63-4e20-4f61-8abf-e268e26ac3ec
--- PASS: TestCreateMediaFromURL (0.32s)
=== RUN   TestDirectUploadVideoMedia
    inputvideo_test.go:92: Full Response Details:
    inputvideo_test.go:94: Success: true
    inputvideo_test.go:103: Status: waiting
    inputvideo_test.go:106: Upload URL: https://storage-iad01.fastpix.io/uploads/c7fb87b2-34c9-40b6-a313-e0f1392677dc/ba41b659-4462-4622-90a5-351687103589?X-Amz-Algorithm=AWS4-HMAC-SHA256&X-Amz-Credential=on-demand-svc%2F20250525%2Fiad01%2Fs3%2Faws4_request&X-Amz-Date=20250525T180420Z&X-Amz-Expires=14400&X-Amz-SignedHeaders=host&X-Amz-Signature=41c3c6b3c9a7460fa4033a6e32c866cd4ff5be800c19ed0c13c4f88c5c721707
    inputvideo_test.go:109: Timeout: 14400
    inputvideo_test.go:112: CORS Origin: *
    inputvideo_test.go:117: Raw resp.Object.Data: {
          "corsOrigin": "*",
          "pushMediaSettings": {
            "playbackIds": [
              {
                "accessPolicy": "public",
                "accessRestrictions": {
                  "domains": {
                    "defaultPolicy": "allow"
                  },
                  "userAgents": {
                    "defaultPolicy": "allow"
                  }
                }
              }
            ]
          },
          "status": "waiting",
          "timeout": 14400,
          "url": "https://storage-iad01.fastpix.io/uploads/c7fb87b2-34c9-40b6-a313-e0f1392677dc/ba41b659-4462-4622-90a5-351687103589?X-Amz-Algorithm=AWS4-HMAC-SHA256\u0026X-Amz-Credential=on-demand-svc%2F20250525%2Fiad01%2Fs3%2Faws4_request\u0026X-Amz-Date=20250525T180420Z\u0026X-Amz-Expires=14400\u0026X-Amz-SignedHeaders=host\u0026X-Amz-Signature=41c3c6b3c9a7460fa4033a6e32c866cd4ff5be800c19ed0c13c4f88c5c721707"
        }
    inputvideo_test.go:127: Successfully got upload URL: https://storage-iad01.fastpix.io/uploads/c7fb87b2-34c9-40b6-a313-e0f1392677dc/ba41b659-4462-4622-90a5-351687103589?X-Amz-Algorithm=AWS4-HMAC-SHA256&X-Amz-Credential=on-demand-svc%2F20250525%2Fiad01%2Fs3%2Faws4_request&X-Amz-Date=20250525T180420Z&X-Amz-Expires=14400&X-Amz-SignedHeaders=host&X-Amz-Signature=41c3c6b3c9a7460fa4033a6e32c866cd4ff5be800c19ed0c13c4f88c5c721707
--- PASS: TestDirectUploadVideoMedia (0.64s)
=== RUN   TestManageLivestream
    managelivestream_test.go:21: Using livestream server URL: https://api.fastpix.com/live
    managelivestream_test.go:66: Full Response Details:
    managelivestream_test.go:68: Success: true
    managelivestream_test.go:73: Raw resp.GetStreamsResponse.Data: [
          {
            "createdAt": "2025-05-25T17:20:50.496248Z",
            "enableRecording": true,
            "maxDuration": 43200,
            "maxResolution": "1080p",
            "mediaPolicy": "public",
            "reconnectWindow": 60,
            "srtPlaybackResponse": {
              "srtPlaybackStreamId": "play5d7cb7886a90be1749b2e508811230eb",
              "srtPlaybackSecret": "06bc9e02a3f5c86db1ff5036928955bak5d7cb7886a90be1749b2e508811230eb"
            },
            "srtSecret": "23aa01f35d9462af9647eed6ac6faf9ck5d7cb7886a90be1749b2e508811230eb",
            "status": "idle",
            "streamId": "5d7cb7886a90be1749b2e508811230eb",
            "streamKey": "91b3696da5bf58cbb35c52a040aa40aak5d7cb7886a90be1749b2e508811230eb",
            "trial": false
          },
          {
            "createdAt": "2025-05-22T11:00:52.629242Z",
            "enableRecording": true,
            "maxDuration": 43200,
            "maxResolution": "1080p",
            "mediaPolicy": "public",
            "reconnectWindow": 60,
            "srtPlaybackResponse": {
              "srtPlaybackStreamId": "playf26fbd6bf3b108dbadad0a1be8886805",
              "srtPlaybackSecret": "8cf8187986210c3da2f1eee60045b3b0kf26fbd6bf3b108dbadad0a1be8886805"
            },
            "srtSecret": "e8f2c3eeb4bcb29af2a66586c94c359ckf26fbd6bf3b108dbadad0a1be8886805",
            "status": "idle",
            "streamId": "f26fbd6bf3b108dbadad0a1be8886805",
            "streamKey": "e2bcd2fbe79927f5f85959a1de003995kf26fbd6bf3b108dbadad0a1be8886805",
            "trial": false
          },
          {
            "createdAt": "2025-05-22T11:00:51.649383Z",
            "enableRecording": true,
            "maxDuration": 43200,
            "maxResolution": "1080p",
            "mediaPolicy": "public",
            "reconnectWindow": 60,
            "srtPlaybackResponse": {
              "srtPlaybackStreamId": "play038cd7253939eca7e537ec36c20a1576",
              "srtPlaybackSecret": "286d070dd8ffab1b760f6c3ba1e0c02ak038cd7253939eca7e537ec36c20a1576"
            },
            "srtSecret": "2dff280b066a3a8016a13c3701876e62k038cd7253939eca7e537ec36c20a1576",
            "status": "idle",
            "streamId": "038cd7253939eca7e537ec36c20a1576",
            "streamKey": "fa4a09de3d6f8d073de1d3423a813700k038cd7253939eca7e537ec36c20a1576",
            "trial": false
          },
          {
            "createdAt": "2025-05-22T11:00:50.922242Z",
            "enableRecording": true,
            "maxDuration": 43200,
            "maxResolution": "1080p",
            "mediaPolicy": "public",
            "reconnectWindow": 60,
            "srtPlaybackResponse": {
              "srtPlaybackStreamId": "playd40adaf8a20cc703ab9699b40ac95d0e",
              "srtPlaybackSecret": "744bb66a48be9f549a3d813c61a66bb8kd40adaf8a20cc703ab9699b40ac95d0e"
            },
            "srtSecret": "58318414af0f8ee6f6aceb4f4b6a6e6fkd40adaf8a20cc703ab9699b40ac95d0e",
            "status": "idle",
            "streamId": "d40adaf8a20cc703ab9699b40ac95d0e",
            "streamKey": "f8eb3eb7485cb31016c5431059c9e04fkd40adaf8a20cc703ab9699b40ac95d0e",
            "trial": false
          },
          {
            "createdAt": "2025-05-22T11:00:18.596838Z",
            "enableRecording": true,
            "maxDuration": 43200,
            "maxResolution": "1080p",
            "mediaPolicy": "public",
            "reconnectWindow": 60,
            "srtPlaybackResponse": {
              "srtPlaybackStreamId": "playd8ad9d69d26cab72c5596fe0afa73d68",
              "srtPlaybackSecret": "635d709e36013a503bb46ccec6db033fkd8ad9d69d26cab72c5596fe0afa73d68"
            },
            "srtSecret": "72cb5a8a3b2f629076b0a587ee6944bbkd8ad9d69d26cab72c5596fe0afa73d68",
            "status": "idle",
            "streamId": "d8ad9d69d26cab72c5596fe0afa73d68",
            "streamKey": "28ac13e68c1d5b26a3aa2e1dd0e81a51kd8ad9d69d26cab72c5596fe0afa73d68",
            "trial": false
          },
          {
            "createdAt": "2025-05-22T11:00:17.598959Z",
            "enableRecording": true,
            "maxDuration": 43200,
            "maxResolution": "1080p",
            "mediaPolicy": "public",
            "reconnectWindow": 60,
            "srtPlaybackResponse": {
              "srtPlaybackStreamId": "play24f15fd0329c771ac6a485f3ae35fa95",
              "srtPlaybackSecret": "b3d79e601ad176cbd509bc261107e89fk24f15fd0329c771ac6a485f3ae35fa95"
            },
            "srtSecret": "13661de6210a4f8c8bc814be35570be7k24f15fd0329c771ac6a485f3ae35fa95",
            "status": "idle",
            "streamId": "24f15fd0329c771ac6a485f3ae35fa95",
            "streamKey": "d5c5a03d3f55f9ffdab250406fe6c225k24f15fd0329c771ac6a485f3ae35fa95",
            "trial": false
          },
          {
            "createdAt": "2025-05-22T11:00:16.652506Z",
            "enableRecording": true,
            "maxDuration": 43200,
            "maxResolution": "1080p",
            "mediaPolicy": "public",
            "reconnectWindow": 60,
            "srtPlaybackResponse": {
              "srtPlaybackStreamId": "playc1c14f6d9663311ca840f130181999a6",
              "srtPlaybackSecret": "0e022e7148e03636ee895d0b87d62d6ckc1c14f6d9663311ca840f130181999a6"
            },
            "srtSecret": "d658016363bead1a8262221d57eb8525kc1c14f6d9663311ca840f130181999a6",
            "status": "idle",
            "streamId": "c1c14f6d9663311ca840f130181999a6",
            "streamKey": "ad2dfc31bbb8952b4084ee3fdd9f2704kc1c14f6d9663311ca840f130181999a6",
            "trial": false
          },
          {
            "createdAt": "2025-05-22T11:00:15.605207Z",
            "enableRecording": true,
            "maxDuration": 43200,
            "maxResolution": "1080p",
            "mediaPolicy": "public",
            "reconnectWindow": 60,
            "srtPlaybackResponse": {
              "srtPlaybackStreamId": "play4886ebb9e82d6c12deb7c5dc31fa4d06",
              "srtPlaybackSecret": "005733c6061f0d215866ed5eafc54790k4886ebb9e82d6c12deb7c5dc31fa4d06"
            },
            "srtSecret": "67fa643c9fab4b2347c356c0dea4bd25k4886ebb9e82d6c12deb7c5dc31fa4d06",
            "status": "idle",
            "streamId": "4886ebb9e82d6c12deb7c5dc31fa4d06",
            "streamKey": "276151500d53d23d1a45ba9000565fa3k4886ebb9e82d6c12deb7c5dc31fa4d06",
            "trial": false
          },
          {
            "createdAt": "2025-05-22T10:58:45.968147Z",
            "enableRecording": true,
            "maxDuration": 43200,
            "maxResolution": "1080p",
            "mediaPolicy": "public",
            "reconnectWindow": 60,
            "srtPlaybackResponse": {
              "srtPlaybackStreamId": "play872c3386a32d9f4c934dcc7f7288cea7",
              "srtPlaybackSecret": "3e0986ba64cc0b6eb0643d8a96131182k872c3386a32d9f4c934dcc7f7288cea7"
            },
            "srtSecret": "b377e387d0c1553cae874f5b4c79580bk872c3386a32d9f4c934dcc7f7288cea7",
            "status": "idle",
            "streamId": "872c3386a32d9f4c934dcc7f7288cea7",
            "streamKey": "cf220bce064cc088e2f1f0696e3bc9e1k872c3386a32d9f4c934dcc7f7288cea7",
            "trial": false
          },
          {
            "createdAt": "2025-05-22T10:58:45.009659Z",
            "enableRecording": true,
            "maxDuration": 43200,
            "maxResolution": "1080p",
            "mediaPolicy": "public",
            "reconnectWindow": 60,
            "srtPlaybackResponse": {
              "srtPlaybackStreamId": "play046bee1695096c1b939c5423ea2db1ea",
              "srtPlaybackSecret": "fef9e0ef8e31813551f35c84e6f2fd52k046bee1695096c1b939c5423ea2db1ea"
            },
            "srtSecret": "c68501596e24f5583c92f54932be489fk046bee1695096c1b939c5423ea2db1ea",
            "status": "idle",
            "streamId": "046bee1695096c1b939c5423ea2db1ea",
            "streamKey": "8b5af578a2c01e1464645c3503d708b3k046bee1695096c1b939c5423ea2db1ea",
            "trial": false
          }
        ]
    managelivestream_test.go:83: Successfully listed livestreams
=== RUN   TestManageLivestream/GetLiveStreamByID
    managelivestream_test.go:103: GetLiveStreamByID response: {
          "success": true,
          "data": {
            "createdAt": "2025-05-25T17:20:50.496248Z",
            "enableRecording": true,
            "maxDuration": 43200,
            "maxResolution": "1080p",
            "mediaPolicy": "public",
            "reconnectWindow": 60,
            "srtPlaybackResponse": {
              "srtPlaybackStreamId": "play5d7cb7886a90be1749b2e508811230eb",
              "srtPlaybackSecret": "06bc9e02a3f5c86db1ff5036928955bak5d7cb7886a90be1749b2e508811230eb"
            },
            "srtSecret": "23aa01f35d9462af9647eed6ac6faf9ck5d7cb7886a90be1749b2e508811230eb",
            "status": "idle",
            "streamId": "5d7cb7886a90be1749b2e508811230eb",
            "streamKey": "91b3696da5bf58cbb35c52a040aa40aak5d7cb7886a90be1749b2e508811230eb",
            "trial": false
          }
        }
=== RUN   TestManageLivestream/UpdateLiveStream
    managelivestream_test.go:119: UpdateLiveStream response: {
          "success": true,
          "data": {
            "createdAt": "2025-05-25T17:20:50.496248Z",
            "enableRecording": true,
            "maxDuration": 43200,
            "maxResolution": "1080p",
            "mediaPolicy": "public",
            "reconnectWindow": 60,
            "srtPlaybackResponse": {
              "srtPlaybackStreamId": "play5d7cb7886a90be1749b2e508811230eb",
              "srtPlaybackSecret": "06bc9e02a3f5c86db1ff5036928955bak5d7cb7886a90be1749b2e508811230eb"
            },
            "srtSecret": "23aa01f35d9462af9647eed6ac6faf9ck5d7cb7886a90be1749b2e508811230eb",
            "status": "idle",
            "streamId": "5d7cb7886a90be1749b2e508811230eb",
            "streamKey": "91b3696da5bf58cbb35c52a040aa40aak5d7cb7886a90be1749b2e508811230eb",
            "trial": false
          }
        }
=== RUN   TestManageLivestream/DeleteLiveStream
    managelivestream_test.go:132: DeleteLiveStream response: {
          "success": true
        }
--- PASS: TestManageLivestream (2.42s)
    --- PASS: TestManageLivestream/GetLiveStreamByID (0.25s)
    --- PASS: TestManageLivestream/UpdateLiveStream (0.86s)
    --- PASS: TestManageLivestream/DeleteLiveStream (0.31s)
=== RUN   TestComprehensiveMediaOperations
--- PASS: TestComprehensiveMediaOperations (3.08s)
=== RUN   TestLiveStreamPlayback
    playback_test.go:23: Using livestream server URL: https://api.fastpix.com/live
    playback_test.go:24: Using base server URL: https://api.fastpix.com
    playback_test.go:59: Using stream ID: f26fbd6bf3b108dbadad0a1be8886805
=== RUN   TestLiveStreamPlayback/CreatePlaybackID
    playback_test.go:132: CreatePlaybackIDOfStream response: {
          "success": true,
          "data": {
            "id": "a2f12335-69d3-48f7-968e-b7c37a1e243c",
            "accessPolicy": "public"
          }
        }
=== RUN   TestLiveStreamPlayback/CreatePlaybackID/GetPlaybackID
    playback_test.go:149: GetLiveStreamPlaybackID response: {
          "success": true,
          "data": {
            "id": "a2f12335-69d3-48f7-968e-b7c37a1e243c",
            "accessPolicy": "public"
          }
        }
=== RUN   TestLiveStreamPlayback/CreatePlaybackID/DeletePlaybackID
    playback_test.go:163: DeletePlaybackIDOfStream response: {
          "success": true
        }
--- PASS: TestLiveStreamPlayback (3.15s)
    --- PASS: TestLiveStreamPlayback/CreatePlaybackID (2.14s)
        --- PASS: TestLiveStreamPlayback/CreatePlaybackID/GetPlaybackID (0.94s)
        --- PASS: TestLiveStreamPlayback/CreatePlaybackID/DeletePlaybackID (0.65s)
=== RUN   TestMediaPlayback
    playback_test.go:23: Using livestream server URL: https://api.fastpix.com/live
    playback_test.go:24: Using base server URL: https://api.fastpix.com
    playback_test.go:89: Created media asset with ID: 3cdd30ad-0dff-42a4-8136-de5bd2e7999b
    playback_test.go:97: Media asset status: Processing
    playback_test.go:97: Media asset status: Processing
    playback_test.go:97: Media asset status: Processing
    playback_test.go:97: Media asset status: Processing
    playback_test.go:97: Media asset status: Processing
    playback_test.go:97: Media asset status: Processing
    playback_test.go:97: Media asset status: Processing
    playback_test.go:97: Media asset status: Processing
    playback_test.go:97: Media asset status: Processing
    playback_test.go:97: Media asset status: Processing
    playback_test.go:97: Media asset status: Processing
    playback_test.go:97: Media asset status: Processing
    playback_test.go:97: Media asset status: Ready
    playback_test.go:99: Media asset is ready
=== RUN   TestMediaPlayback/CreatePlaybackID
    playback_test.go:196: CreateMediaPlaybackID response: {
          "success": true,
          "data": {}
        }
--- PASS: TestMediaPlayback (61.85s)
    --- PASS: TestMediaPlayback/CreatePlaybackID (1.00s)
=== RUN   TestSimulcastStream
    simulcaststream_test.go:20: Using livestream server URL: https://api.fastpix.com/live
=== RUN   TestSimulcastStream/CreateSimulcastOfStream
    simulcaststream_test.go:69: CreateSimulcastOfStream response: {
          "success": true,
          "data": {
            "simulcastId": "7d4aec964e5251e459d0e2e123ca7ebf",
            "url": "rtmp://hyd01.contribute.live-video.net/app/",
            "streamKey": "live_1012464221_DuM8W004MoZYNxQEZ0czODgfHCFBhk",
            "isEnabled": true
          }
        }
=== RUN   TestSimulcastStream/CreateSimulcastOfStream/GetSpecificSimulcastOfStream
    simulcaststream_test.go:86: GetSpecificSimulcastOfStream response: {
          "success": true,
          "data": {
            "simulcastId": "7d4aec964e5251e459d0e2e123ca7ebf",
            "url": "rtmp://hyd01.contribute.live-video.net/app/",
            "streamKey": "live_1012464221_DuM8W004MoZYNxQEZ0czODgfHCFBhk",
            "isEnabled": true
          }
        }
=== RUN   TestSimulcastStream/CreateSimulcastOfStream/UpdateSpecificSimulcastOfStream
    simulcaststream_test.go:104: UpdateSpecificSimulcastOfStream response: {
          "success": true,
          "data": {
            "simulcastId": "7d4aec964e5251e459d0e2e123ca7ebf",
            "url": "rtmp://hyd01.contribute.live-video.net/app/",
            "streamKey": "live_1012464221_DuM8W004MoZYNxQEZ0czODgfHCFBhk",
            "isEnabled": false
          }
        }
=== RUN   TestSimulcastStream/CreateSimulcastOfStream/DeleteSimulcastOfStream
    simulcaststream_test.go:118: DeleteSimulcastOfStream response: {
          "success": true
        }
--- PASS: TestSimulcastStream (4.44s)
    --- PASS: TestSimulcastStream/CreateSimulcastOfStream (3.43s)
        --- PASS: TestSimulcastStream/CreateSimulcastOfStream/GetSpecificSimulcastOfStream (0.93s)
        --- PASS: TestSimulcastStream/CreateSimulcastOfStream/UpdateSpecificSimulcastOfStream (1.07s)
        --- PASS: TestSimulcastStream/CreateSimulcastOfStream/DeleteSimulcastOfStream (0.43s)
=== RUN   TestCreateNewStream
    startlivestream_test.go:19: Using livestream server URL: https://api.fastpix.com/live
    startlivestream_test.go:59: Successfully created a new stream
--- PASS: TestCreateNewStream (1.06s)
PASS
ok  	github.com/FastPix/fastpix-go/tests	77.611s
